I'm sorry, but errors were detected in your script. Please correct the
errors listed below, and try again.


File "game/day_1/d1s3f.rpy", line 70: 'Action' is not a keyword argument or valid child of the hotspot statement.
    hotspot (150, 290, 1350, 575) Action Show("display_text")
                                        ^

Ren'Py Version: Ren'Py 8.1.3.23091805
Wed Feb  7 13:32:25 2024
